// Jest Snapshot v1, https://goo.gl/fbAQLP

exports[`Pruebas en <FistApp /> debe de hacer un match con el snapshot 1`] = `
<div>
  <h1
    data-testid="test-title"
  >
    Hola, Soy Goku
  </h1>
  <p />
  <p />
  <p>
    Manuel Chunga
  </p>
</div>
`;
